// Jest Snapshot v1, https://goo.gl/fbAQLP

exports[`ProjectCreate.vue render component 1`] = `
"<v-row-stub tag=\\"div\\" nogutters=\\"true\\" justify=\\"center\\">
  <v-col-stub cols=\\"4\\" tag=\\"div\\">
    <v-row-stub tag=\\"div\\">
      <v-col-stub cols=\\"12\\" tag=\\"div\\" class=\\"text-h4\\">
        project.form.create.title
      </v-col-stub>
      <v-col-stub cols=\\"12\\" tag=\\"div\\">
        <project-form-stub value=\\"[object Object]\\" type=\\"CREATE\\"></project-form-stub>
      </v-col-stub>
      <v-col-stub cols=\\"12\\" tag=\\"div\\">
        <v-btn-stub color=\\"error\\" tag=\\"button\\" activeclass=\\"\\" to=\\"[object Object]\\" block=\\"true\\" type=\\"button\\">
          global.cancel
        </v-btn-stub>
      </v-col-stub>
      <v-col-stub cols=\\"12\\" tag=\\"div\\">
        <v-btn-stub color=\\"primary\\" tag=\\"button\\" activeclass=\\"\\" to=\\"[object Object]\\" block=\\"true\\" type=\\"button\\">
          project.form.back
        </v-btn-stub>
      </v-col-stub>
    </v-row-stub>
  </v-col-stub>
</v-row-stub>"
`;
